[2026-05-25T14:15:38.617+0000] {taskinstance.py:1157} INFO - Dependencies all met for dep_context=non-requeueable deps ti=<TaskInstance: data_lake_pipeline.extract manual__2026-05-25T14:15:36.278514+00:00 [queued]>
[2026-05-25T14:15:38.621+0000] {taskinstance.py:1157} INFO - Dependencies all met for dep_context=requeueable deps ti=<TaskInstance: data_lake_pipeline.extract manual__2026-05-25T14:15:36.278514+00:00 [queued]>
[2026-05-25T14:15:38.621+0000] {taskinstance.py:1359} INFO - Starting attempt 1 of 2
[2026-05-25T14:15:38.627+0000] {taskinstance.py:1380} INFO - Executing <Task(PythonOperator): extract> on 2026-05-25 14:15:36.278514+00:00
[2026-05-25T14:15:38.632+0000] {standard_task_runner.py:57} INFO - Started process 196 to run task
[2026-05-25T14:15:38.634+0000] {standard_task_runner.py:84} INFO - Running: ['***', 'tasks', 'run', 'data_lake_pipeline', 'extract', 'manual__2026-05-25T14:15:36.278514+00:00', '--job-id', '2', '--raw', '--subdir', 'DAGS_FOLDER/data_lake_pipeline.py', '--cfg-path', '/tmp/tmpr6dolc0k']
[2026-05-25T14:15:38.637+0000] {standard_task_runner.py:85} INFO - Job 2: Subtask extract
[2026-05-25T14:15:38.655+0000] {logging_mixin.py:151} WARNING - /home/***/.local/lib/python3.8/site-packages/***/settings.py:195 DeprecationWarning: The sql_alchemy_conn option in [core] has been moved to the sql_alchemy_conn option in [database] - the old setting has been used, but please update your config.
[2026-05-25T14:15:38.689+0000] {task_command.py:415} INFO - Running <TaskInstance: data_lake_pipeline.extract manual__2026-05-25T14:15:36.278514+00:00 [running]> on host 1a261d00588d
[2026-05-25T14:15:38.726+0000] {taskinstance.py:1660} INFO - Exporting env vars: AIRFLOW_CTX_DAG_OWNER='***' AIRFLOW_CTX_DAG_ID='data_lake_pipeline' AIRFLOW_CTX_TASK_ID='extract' AIRFLOW_CTX_EXECUTION_DATE='2026-05-25T14:15:36.278514+00:00' AIRFLOW_CTX_TRY_NUMBER='1' AIRFLOW_CTX_DAG_RUN_ID='manual__2026-05-25T14:15:36.278514+00:00'
[2026-05-25T14:15:38.727+0000] {logging_mixin.py:151} INFO - Extraction du dataset Wikitext-2 
[2026-05-25T14:15:42.995+0000] {logging_mixin.py:151} WARNING - Generating test split:   0%|          | 0/4358 [00:00<?, ? examples/s]
[2026-05-25T14:15:43.024+0000] {logging_mixin.py:151} WARNING - Generating test split: 100%|##########| 4358/4358 [00:00<00:00, 153412.37 examples/s]
[2026-05-25T14:15:43.025+0000] {logging_mixin.py:151} WARNING - Generating train split:   0%|          | 0/36718 [00:00<?, ? examples/s]
[2026-05-25T14:15:43.075+0000] {logging_mixin.py:151} WARNING - Generating train split: 100%|##########| 36718/36718 [00:00<00:00, 730061.41 examples/s]
[2026-05-25T14:15:43.076+0000] {logging_mixin.py:151} WARNING - Generating validation split:   0%|          | 0/3760 [00:00<?, ? examples/s]
[2026-05-25T14:15:43.081+0000] {logging_mixin.py:151} WARNING - Generating validation split: 100%|##########| 3760/3760 [00:00<00:00, 767985.54 examples/s]
[2026-05-25T14:15:43.958+0000] {logging_mixin.py:151} INFO -   ✓ 36718 lignes uploadées → s3://wikitext-bucket/raw/train.json
[2026-05-25T14:15:44.014+0000] {logging_mixin.py:151} INFO -   ✓ 3760 lignes uploadées → s3://wikitext-bucket/raw/validation.json
[2026-05-25T14:15:44.070+0000] {logging_mixin.py:151} INFO -   ✓ 4358 lignes uploadées → s3://wikitext-bucket/raw/test.json
[2026-05-25T14:15:44.071+0000] {python.py:194} INFO - Done. Returned value was: raw
[2026-05-25T14:15:44.083+0000] {taskinstance.py:1398} INFO - Marking task as SUCCESS. dag_id=data_lake_pipeline, task_id=extract, execution_date=20260525T141536, start_date=20260525T141538, end_date=20260525T141544
[2026-05-25T14:15:44.123+0000] {local_task_job_runner.py:228} INFO - Task exited with return code 0
[2026-05-25T14:15:44.141+0000] {taskinstance.py:2776} INFO - 0 downstream tasks scheduled from follow-on schedule check
