[2026-05-25T14:22:02.232+0000] {taskinstance.py:1157} INFO - Dependencies all met for dep_context=non-requeueable deps ti=<TaskInstance: data_lake_pipeline.import_to_mysql manual__2026-05-25T14:21:53.866308+00:00 [queued]>
[2026-05-25T14:22:02.236+0000] {taskinstance.py:1157} INFO - Dependencies all met for dep_context=requeueable deps ti=<TaskInstance: data_lake_pipeline.import_to_mysql manual__2026-05-25T14:21:53.866308+00:00 [queued]>
[2026-05-25T14:22:02.236+0000] {taskinstance.py:1359} INFO - Starting attempt 1 of 2
[2026-05-25T14:22:02.241+0000] {taskinstance.py:1380} INFO - Executing <Task(PythonOperator): import_to_mysql> on 2026-05-25 14:21:53.866308+00:00
[2026-05-25T14:22:02.244+0000] {standard_task_runner.py:57} INFO - Started process 421 to run task
[2026-05-25T14:22:02.246+0000] {standard_task_runner.py:84} INFO - Running: ['***', 'tasks', 'run', 'data_lake_pipeline', 'import_to_mysql', 'manual__2026-05-25T14:21:53.866308+00:00', '--job-id', '9', '--raw', '--subdir', 'DAGS_FOLDER/data_lake_pipeline.py', '--cfg-path', '/tmp/tmpjbkfpfjl']
[2026-05-25T14:22:02.248+0000] {standard_task_runner.py:85} INFO - Job 9: Subtask import_to_mysql
[2026-05-25T14:22:02.257+0000] {logging_mixin.py:151} WARNING - /home/***/.local/lib/python3.8/site-packages/***/settings.py:195 DeprecationWarning: The sql_alchemy_conn option in [core] has been moved to the sql_alchemy_conn option in [database] - the old setting has been used, but please update your config.
[2026-05-25T14:22:02.272+0000] {task_command.py:415} INFO - Running <TaskInstance: data_lake_pipeline.import_to_mysql manual__2026-05-25T14:21:53.866308+00:00 [running]> on host 1a261d00588d
[2026-05-25T14:22:02.301+0000] {taskinstance.py:1660} INFO - Exporting env vars: AIRFLOW_CTX_DAG_OWNER='***' AIRFLOW_CTX_DAG_ID='data_lake_pipeline' AIRFLOW_CTX_TASK_ID='import_to_mysql' AIRFLOW_CTX_EXECUTION_DATE='2026-05-25T14:21:53.866308+00:00' AIRFLOW_CTX_TRY_NUMBER='1' AIRFLOW_CTX_DAG_RUN_ID='manual__2026-05-25T14:21:53.866308+00:00'
[2026-05-25T14:22:02.306+0000] {logging_mixin.py:151} INFO - Importation dans MySQL (staging)...
[2026-05-25T14:22:02.470+0000] {logging_mixin.py:151} INFO - Connexion MySQL réussie.
[2026-05-25T14:22:02.963+0000] {logging_mixin.py:151} INFO -   21713 lignes insérées.
[2026-05-25T14:22:02.964+0000] {logging_mixin.py:151} INFO -   ✓ 21713 lignes insérées pour 'train'
[2026-05-25T14:22:03.015+0000] {logging_mixin.py:151} INFO -   2361 lignes insérées.
[2026-05-25T14:22:03.015+0000] {logging_mixin.py:151} INFO -   ✓ 2361 lignes insérées pour 'validation'
[2026-05-25T14:22:03.064+0000] {logging_mixin.py:151} INFO -   2792 lignes insérées.
[2026-05-25T14:22:03.065+0000] {logging_mixin.py:151} INFO -   ✓ 2792 lignes insérées pour 'test'
[2026-05-25T14:22:03.065+0000] {logging_mixin.py:151} INFO - Importation terminée.
[2026-05-25T14:22:03.065+0000] {python.py:194} INFO - Done. Returned value was: None
[2026-05-25T14:22:03.071+0000] {taskinstance.py:1398} INFO - Marking task as SUCCESS. dag_id=data_lake_pipeline, task_id=import_to_mysql, execution_date=20260525T142153, start_date=20260525T142202, end_date=20260525T142203
[2026-05-25T14:22:03.085+0000] {local_task_job_runner.py:228} INFO - Task exited with return code 0
[2026-05-25T14:22:03.097+0000] {taskinstance.py:2776} INFO - 1 downstream tasks scheduled from follow-on schedule check
