[2026-05-25T13:44:04.304+0000] {taskinstance.py:1157} INFO - Dependencies all met for dep_context=non-requeueable deps ti=<TaskInstance: data_lake_pipeline.tokenisation_and_import_to_mongodb manual__2026-05-25T13:43:52.178484+00:00 [queued]>
[2026-05-25T13:44:04.308+0000] {taskinstance.py:1157} INFO - Dependencies all met for dep_context=requeueable deps ti=<TaskInstance: data_lake_pipeline.tokenisation_and_import_to_mongodb manual__2026-05-25T13:43:52.178484+00:00 [queued]>
[2026-05-25T13:44:04.308+0000] {taskinstance.py:1359} INFO - Starting attempt 1 of 2
[2026-05-25T13:44:04.314+0000] {taskinstance.py:1380} INFO - Executing <Task(PythonOperator): tokenisation_and_import_to_mongodb> on 2026-05-25 13:43:52.178484+00:00
[2026-05-25T13:44:04.316+0000] {standard_task_runner.py:57} INFO - Started process 1878 to run task
[2026-05-25T13:44:04.319+0000] {standard_task_runner.py:84} INFO - Running: ['***', 'tasks', 'run', 'data_lake_pipeline', 'tokenisation_and_import_to_mongodb', 'manual__2026-05-25T13:43:52.178484+00:00', '--job-id', '28', '--raw', '--subdir', 'DAGS_FOLDER/data_lake_pipeline.py', '--cfg-path', '/tmp/tmp0a19tymf']
[2026-05-25T13:44:04.320+0000] {standard_task_runner.py:85} INFO - Job 28: Subtask tokenisation_and_import_to_mongodb
[2026-05-25T13:44:04.327+0000] {logging_mixin.py:151} WARNING - /home/***/.local/lib/python3.8/site-packages/***/settings.py:195 DeprecationWarning: The sql_alchemy_conn option in [core] has been moved to the sql_alchemy_conn option in [database] - the old setting has been used, but please update your config.
[2026-05-25T13:44:04.342+0000] {task_command.py:415} INFO - Running <TaskInstance: data_lake_pipeline.tokenisation_and_import_to_mongodb manual__2026-05-25T13:43:52.178484+00:00 [running]> on host 4f10631135a5
[2026-05-25T13:44:04.374+0000] {taskinstance.py:1660} INFO - Exporting env vars: AIRFLOW_CTX_DAG_OWNER='***' AIRFLOW_CTX_DAG_ID='data_lake_pipeline' AIRFLOW_CTX_TASK_ID='tokenisation_and_import_to_mongodb' AIRFLOW_CTX_EXECUTION_DATE='2026-05-25T13:43:52.178484+00:00' AIRFLOW_CTX_TRY_NUMBER='1' AIRFLOW_CTX_DAG_RUN_ID='manual__2026-05-25T13:43:52.178484+00:00'
[2026-05-25T13:44:04.375+0000] {logging_mixin.py:151} INFO - Tokenisation et importation dans MongoDB...
[2026-05-25T13:44:04.390+0000] {logging_mixin.py:151} INFO - Connexion MySQL réussie.
[2026-05-25T13:44:04.650+0000] {taskinstance.py:1935} ERROR - Task failed with exception
Traceback (most recent call last):
  File "/home/airflow/.local/lib/python3.8/site-packages/airflow/operators/python.py", line 192, in execute
    return_value = self.execute_callable()
  File "/home/airflow/.local/lib/python3.8/site-packages/airflow/operators/python.py", line 209, in execute_callable
    return self.python_callable(*self.op_args, **self.op_kwargs)
  File "/opt/airflow/dags/data_lake_pipeline.py", line 117, in tokenisation_and_import_to_mongodb
    tokenized = staging_to_curated.tokenize_texts(train_data, "distilbert-base-uncased", 512)
  File "/opt/airflow/src/staging_to_curated.py", line 75, in tokenize_texts
    encoded = tokenizer(texts, truncation=True, max_length=max_length, padding=False)
TypeError: 'str' object is not callable
[2026-05-25T13:44:04.655+0000] {taskinstance.py:1398} INFO - Marking task as UP_FOR_RETRY. dag_id=data_lake_pipeline, task_id=tokenisation_and_import_to_mongodb, execution_date=20260525T134352, start_date=20260525T134404, end_date=20260525T134404
[2026-05-25T13:44:04.660+0000] {standard_task_runner.py:104} ERROR - Failed to execute job 28 for task tokenisation_and_import_to_mongodb ('str' object is not callable; 1878)
[2026-05-25T13:44:04.709+0000] {local_task_job_runner.py:228} INFO - Task exited with return code 1
[2026-05-25T13:44:04.720+0000] {taskinstance.py:2776} INFO - 0 downstream tasks scheduled from follow-on schedule check
