[2026-05-25T13:53:18.842+0000] {taskinstance.py:1157} INFO - Dependencies all met for dep_context=non-requeueable deps ti=<TaskInstance: data_lake_pipeline.tokenisation_and_import_to_mongodb manual__2026-05-25T13:53:08.529834+00:00 [queued]>
[2026-05-25T13:53:18.845+0000] {taskinstance.py:1157} INFO - Dependencies all met for dep_context=requeueable deps ti=<TaskInstance: data_lake_pipeline.tokenisation_and_import_to_mongodb manual__2026-05-25T13:53:08.529834+00:00 [queued]>
[2026-05-25T13:53:18.846+0000] {taskinstance.py:1359} INFO - Starting attempt 1 of 2
[2026-05-25T13:53:18.851+0000] {taskinstance.py:1380} INFO - Executing <Task(PythonOperator): tokenisation_and_import_to_mongodb> on 2026-05-25 13:53:08.529834+00:00
[2026-05-25T13:53:18.854+0000] {standard_task_runner.py:57} INFO - Started process 2137 to run task
[2026-05-25T13:53:18.856+0000] {standard_task_runner.py:84} INFO - Running: ['***', 'tasks', 'run', 'data_lake_pipeline', 'tokenisation_and_import_to_mongodb', 'manual__2026-05-25T13:53:08.529834+00:00', '--job-id', '37', '--raw', '--subdir', 'DAGS_FOLDER/data_lake_pipeline.py', '--cfg-path', '/tmp/tmp2h8pi2nx']
[2026-05-25T13:53:18.858+0000] {standard_task_runner.py:85} INFO - Job 37: Subtask tokenisation_and_import_to_mongodb
[2026-05-25T13:53:18.867+0000] {logging_mixin.py:151} WARNING - /home/***/.local/lib/python3.8/site-packages/***/settings.py:195 DeprecationWarning: The sql_alchemy_conn option in [core] has been moved to the sql_alchemy_conn option in [database] - the old setting has been used, but please update your config.
[2026-05-25T13:53:18.882+0000] {task_command.py:415} INFO - Running <TaskInstance: data_lake_pipeline.tokenisation_and_import_to_mongodb manual__2026-05-25T13:53:08.529834+00:00 [running]> on host 4f10631135a5
[2026-05-25T13:53:18.912+0000] {taskinstance.py:1660} INFO - Exporting env vars: AIRFLOW_CTX_DAG_OWNER='***' AIRFLOW_CTX_DAG_ID='data_lake_pipeline' AIRFLOW_CTX_TASK_ID='tokenisation_and_import_to_mongodb' AIRFLOW_CTX_EXECUTION_DATE='2026-05-25T13:53:08.529834+00:00' AIRFLOW_CTX_TRY_NUMBER='1' AIRFLOW_CTX_DAG_RUN_ID='manual__2026-05-25T13:53:08.529834+00:00'
[2026-05-25T13:53:18.913+0000] {logging_mixin.py:151} INFO - Tokenisation et importation dans MongoDB...
[2026-05-25T13:53:18.927+0000] {logging_mixin.py:151} INFO - Connexion MySQL réussie.
[2026-05-25T13:53:19.253+0000] {taskinstance.py:1935} ERROR - Task failed with exception
Traceback (most recent call last):
  File "/home/airflow/.local/lib/python3.8/site-packages/airflow/operators/python.py", line 192, in execute
    return_value = self.execute_callable()
  File "/home/airflow/.local/lib/python3.8/site-packages/airflow/operators/python.py", line 209, in execute_callable
    return self.python_callable(*self.op_args, **self.op_kwargs)
  File "/opt/airflow/dags/data_lake_pipeline.py", line 118, in tokenisation_and_import_to_mongodb
    tokenized = staging_to_curated.tokenize_texts(train_data, "distilbert-base-uncased", 512)
  File "/opt/airflow/src/staging_to_curated.py", line 75, in tokenize_texts
    encoded = tokenizer(texts, truncation=True, max_length=max_length, padding=False)
TypeError: 'str' object is not callable
[2026-05-25T13:53:19.266+0000] {taskinstance.py:1398} INFO - Marking task as UP_FOR_RETRY. dag_id=data_lake_pipeline, task_id=tokenisation_and_import_to_mongodb, execution_date=20260525T135308, start_date=20260525T135318, end_date=20260525T135319
[2026-05-25T13:53:19.284+0000] {standard_task_runner.py:104} ERROR - Failed to execute job 37 for task tokenisation_and_import_to_mongodb ('str' object is not callable; 2137)
[2026-05-25T13:53:19.322+0000] {local_task_job_runner.py:228} INFO - Task exited with return code 1
[2026-05-25T13:53:19.334+0000] {taskinstance.py:2776} INFO - 0 downstream tasks scheduled from follow-on schedule check
