[2026-05-25T13:58:21.220+0000] {taskinstance.py:1157} INFO - Dependencies all met for dep_context=non-requeueable deps ti=<TaskInstance: data_lake_pipeline.tokenisation_and_import_to_mongodb manual__2026-05-25T13:53:08.529834+00:00 [queued]>
[2026-05-25T13:58:21.225+0000] {taskinstance.py:1157} INFO - Dependencies all met for dep_context=requeueable deps ti=<TaskInstance: data_lake_pipeline.tokenisation_and_import_to_mongodb manual__2026-05-25T13:53:08.529834+00:00 [queued]>
[2026-05-25T13:58:21.226+0000] {taskinstance.py:1359} INFO - Starting attempt 2 of 2
[2026-05-25T13:58:21.231+0000] {taskinstance.py:1380} INFO - Executing <Task(PythonOperator): tokenisation_and_import_to_mongodb> on 2026-05-25 13:53:08.529834+00:00
[2026-05-25T13:58:21.237+0000] {standard_task_runner.py:57} INFO - Started process 2331 to run task
[2026-05-25T13:58:21.240+0000] {standard_task_runner.py:84} INFO - Running: ['***', 'tasks', 'run', 'data_lake_pipeline', 'tokenisation_and_import_to_mongodb', 'manual__2026-05-25T13:53:08.529834+00:00', '--job-id', '47', '--raw', '--subdir', 'DAGS_FOLDER/data_lake_pipeline.py', '--cfg-path', '/tmp/tmpiemjnrop']
[2026-05-25T13:58:21.243+0000] {standard_task_runner.py:85} INFO - Job 47: Subtask tokenisation_and_import_to_mongodb
[2026-05-25T13:58:21.258+0000] {logging_mixin.py:151} WARNING - /home/***/.local/lib/python3.8/site-packages/***/settings.py:195 DeprecationWarning: The sql_alchemy_conn option in [core] has been moved to the sql_alchemy_conn option in [database] - the old setting has been used, but please update your config.
[2026-05-25T13:58:21.285+0000] {task_command.py:415} INFO - Running <TaskInstance: data_lake_pipeline.tokenisation_and_import_to_mongodb manual__2026-05-25T13:53:08.529834+00:00 [running]> on host 4f10631135a5
[2026-05-25T13:58:21.323+0000] {taskinstance.py:1660} INFO - Exporting env vars: AIRFLOW_CTX_DAG_OWNER='***' AIRFLOW_CTX_DAG_ID='data_lake_pipeline' AIRFLOW_CTX_TASK_ID='tokenisation_and_import_to_mongodb' AIRFLOW_CTX_EXECUTION_DATE='2026-05-25T13:53:08.529834+00:00' AIRFLOW_CTX_TRY_NUMBER='2' AIRFLOW_CTX_DAG_RUN_ID='manual__2026-05-25T13:53:08.529834+00:00'
[2026-05-25T13:58:21.324+0000] {logging_mixin.py:151} INFO - Tokenisation et importation dans MongoDB...
[2026-05-25T13:58:21.346+0000] {logging_mixin.py:151} INFO - Connexion MySQL réussie.
[2026-05-25T13:58:22.257+0000] {taskinstance.py:1935} ERROR - Task failed with exception
Traceback (most recent call last):
  File "/home/airflow/.local/lib/python3.8/site-packages/airflow/operators/python.py", line 192, in execute
    return_value = self.execute_callable()
  File "/home/airflow/.local/lib/python3.8/site-packages/airflow/operators/python.py", line 209, in execute_callable
    return self.python_callable(*self.op_args, **self.op_kwargs)
  File "/opt/airflow/dags/data_lake_pipeline.py", line 119, in tokenisation_and_import_to_mongodb
    tokenized = staging_to_curated.tokenize_texts(train_data, tokenizer, 512)
  File "/opt/airflow/src/staging_to_curated.py", line 75, in tokenize_texts
    encoded = tokenizer(texts, truncation=True, max_length=max_length, padding=False)
  File "/home/airflow/.local/lib/python3.8/site-packages/transformers/tokenization_utils_base.py", line 3021, in __call__
    encodings = self._call_one(text=text, text_pair=text_pair, **all_kwargs)
  File "/home/airflow/.local/lib/python3.8/site-packages/transformers/tokenization_utils_base.py", line 3081, in _call_one
    raise ValueError(
ValueError: text input must be of type `str` (single example), `List[str]` (batch or single pretokenized example) or `List[List[str]]` (batch of pretokenized examples).
[2026-05-25T13:58:22.268+0000] {taskinstance.py:1398} INFO - Marking task as FAILED. dag_id=data_lake_pipeline, task_id=tokenisation_and_import_to_mongodb, execution_date=20260525T135308, start_date=20260525T135821, end_date=20260525T135822
[2026-05-25T13:58:22.277+0000] {standard_task_runner.py:104} ERROR - Failed to execute job 47 for task tokenisation_and_import_to_mongodb (text input must be of type `str` (single example), `List[str]` (batch or single pretokenized example) or `List[List[str]]` (batch of pretokenized examples).; 2331)
[2026-05-25T13:58:22.335+0000] {local_task_job_runner.py:228} INFO - Task exited with return code 1
[2026-05-25T13:58:22.369+0000] {taskinstance.py:2776} INFO - 0 downstream tasks scheduled from follow-on schedule check
