[2026-05-25T14:15:48.873+0000] {taskinstance.py:1157} INFO - Dependencies all met for dep_context=non-requeueable deps ti=<TaskInstance: data_lake_pipeline.tokenisation_and_import_to_mongodb manual__2026-05-25T14:15:36.278514+00:00 [queued]>
[2026-05-25T14:15:48.877+0000] {taskinstance.py:1157} INFO - Dependencies all met for dep_context=requeueable deps ti=<TaskInstance: data_lake_pipeline.tokenisation_and_import_to_mongodb manual__2026-05-25T14:15:36.278514+00:00 [queued]>
[2026-05-25T14:15:48.878+0000] {taskinstance.py:1359} INFO - Starting attempt 1 of 2
[2026-05-25T14:15:48.884+0000] {taskinstance.py:1380} INFO - Executing <Task(PythonOperator): tokenisation_and_import_to_mongodb> on 2026-05-25 14:15:36.278514+00:00
[2026-05-25T14:15:48.886+0000] {standard_task_runner.py:57} INFO - Started process 233 to run task
[2026-05-25T14:15:48.889+0000] {standard_task_runner.py:84} INFO - Running: ['***', 'tasks', 'run', 'data_lake_pipeline', 'tokenisation_and_import_to_mongodb', 'manual__2026-05-25T14:15:36.278514+00:00', '--job-id', '5', '--raw', '--subdir', 'DAGS_FOLDER/data_lake_pipeline.py', '--cfg-path', '/tmp/tmpk4u2leu3']
[2026-05-25T14:15:48.891+0000] {standard_task_runner.py:85} INFO - Job 5: Subtask tokenisation_and_import_to_mongodb
[2026-05-25T14:15:48.902+0000] {logging_mixin.py:151} WARNING - /home/***/.local/lib/python3.8/site-packages/***/settings.py:195 DeprecationWarning: The sql_alchemy_conn option in [core] has been moved to the sql_alchemy_conn option in [database] - the old setting has been used, but please update your config.
[2026-05-25T14:15:48.917+0000] {task_command.py:415} INFO - Running <TaskInstance: data_lake_pipeline.tokenisation_and_import_to_mongodb manual__2026-05-25T14:15:36.278514+00:00 [running]> on host 1a261d00588d
[2026-05-25T14:15:48.948+0000] {taskinstance.py:1660} INFO - Exporting env vars: AIRFLOW_CTX_DAG_OWNER='***' AIRFLOW_CTX_DAG_ID='data_lake_pipeline' AIRFLOW_CTX_TASK_ID='tokenisation_and_import_to_mongodb' AIRFLOW_CTX_EXECUTION_DATE='2026-05-25T14:15:36.278514+00:00' AIRFLOW_CTX_TRY_NUMBER='1' AIRFLOW_CTX_DAG_RUN_ID='manual__2026-05-25T14:15:36.278514+00:00'
[2026-05-25T14:15:48.948+0000] {logging_mixin.py:151} INFO - Tokenisation et importation dans MongoDB...
[2026-05-25T14:15:48.950+0000] {logging_mixin.py:151} INFO - Erreur de connexion MySQL : 2003 (HY000): Can't connect to MySQL server on 'mysql:3307' (111)
[2026-05-25T14:15:50.482+0000] {taskinstance.py:1935} ERROR - Task failed with exception
Traceback (most recent call last):
  File "/home/airflow/.local/lib/python3.8/site-packages/airflow/operators/python.py", line 192, in execute
    return_value = self.execute_callable()
  File "/home/airflow/.local/lib/python3.8/site-packages/airflow/operators/python.py", line 209, in execute_callable
    return self.python_callable(*self.op_args, **self.op_kwargs)
  File "/opt/airflow/dags/data_lake_pipeline.py", line 119, in tokenisation_and_import_to_mongodb
    text = [row[1] for row in train_data]
TypeError: 'NoneType' object is not iterable
[2026-05-25T14:15:50.489+0000] {taskinstance.py:1398} INFO - Marking task as UP_FOR_RETRY. dag_id=data_lake_pipeline, task_id=tokenisation_and_import_to_mongodb, execution_date=20260525T141536, start_date=20260525T141548, end_date=20260525T141550
[2026-05-25T14:15:50.496+0000] {standard_task_runner.py:104} ERROR - Failed to execute job 5 for task tokenisation_and_import_to_mongodb ('NoneType' object is not iterable; 233)
[2026-05-25T14:15:50.525+0000] {local_task_job_runner.py:228} INFO - Task exited with return code 1
[2026-05-25T14:15:50.538+0000] {taskinstance.py:2776} INFO - 0 downstream tasks scheduled from follow-on schedule check
