[2026-05-25T14:27:09.919+0000] {taskinstance.py:1157} INFO - Dependencies all met for dep_context=non-requeueable deps ti=<TaskInstance: data_lake_pipeline.tokenisation_and_import_to_mongodb manual__2026-05-25T14:21:53.866308+00:00 [queued]>
[2026-05-25T14:27:09.926+0000] {taskinstance.py:1157} INFO - Dependencies all met for dep_context=requeueable deps ti=<TaskInstance: data_lake_pipeline.tokenisation_and_import_to_mongodb manual__2026-05-25T14:21:53.866308+00:00 [queued]>
[2026-05-25T14:27:09.927+0000] {taskinstance.py:1359} INFO - Starting attempt 2 of 2
[2026-05-25T14:27:09.935+0000] {taskinstance.py:1380} INFO - Executing <Task(PythonOperator): tokenisation_and_import_to_mongodb> on 2026-05-25 14:21:53.866308+00:00
[2026-05-25T14:27:09.939+0000] {standard_task_runner.py:57} INFO - Started process 232 to run task
[2026-05-25T14:27:09.942+0000] {standard_task_runner.py:84} INFO - Running: ['***', 'tasks', 'run', 'data_lake_pipeline', 'tokenisation_and_import_to_mongodb', 'manual__2026-05-25T14:21:53.866308+00:00', '--job-id', '15', '--raw', '--subdir', 'DAGS_FOLDER/data_lake_pipeline.py', '--cfg-path', '/tmp/tmp43henokj']
[2026-05-25T14:27:09.944+0000] {standard_task_runner.py:85} INFO - Job 15: Subtask tokenisation_and_import_to_mongodb
[2026-05-25T14:27:09.956+0000] {logging_mixin.py:151} WARNING - /home/***/.local/lib/python3.8/site-packages/***/settings.py:195 DeprecationWarning: The sql_alchemy_conn option in [core] has been moved to the sql_alchemy_conn option in [database] - the old setting has been used, but please update your config.
[2026-05-25T14:27:09.975+0000] {task_command.py:415} INFO - Running <TaskInstance: data_lake_pipeline.tokenisation_and_import_to_mongodb manual__2026-05-25T14:21:53.866308+00:00 [running]> on host e94cdef51b5c
[2026-05-25T14:27:10.009+0000] {taskinstance.py:1660} INFO - Exporting env vars: AIRFLOW_CTX_DAG_OWNER='***' AIRFLOW_CTX_DAG_ID='data_lake_pipeline' AIRFLOW_CTX_TASK_ID='tokenisation_and_import_to_mongodb' AIRFLOW_CTX_EXECUTION_DATE='2026-05-25T14:21:53.866308+00:00' AIRFLOW_CTX_TRY_NUMBER='2' AIRFLOW_CTX_DAG_RUN_ID='manual__2026-05-25T14:21:53.866308+00:00'
[2026-05-25T14:27:10.010+0000] {logging_mixin.py:151} INFO - Tokenisation et importation dans MongoDB...
[2026-05-25T14:27:10.027+0000] {logging_mixin.py:151} INFO - Connexion MySQL réussie.
[2026-05-25T14:27:20.380+0000] {taskinstance.py:1935} ERROR - Task failed with exception
Traceback (most recent call last):
  File "/home/airflow/.local/lib/python3.8/site-packages/airflow/operators/python.py", line 192, in execute
    return_value = self.execute_callable()
  File "/home/airflow/.local/lib/python3.8/site-packages/airflow/operators/python.py", line 209, in execute_callable
    return self.python_callable(*self.op_args, **self.op_kwargs)
  File "/opt/airflow/dags/data_lake_pipeline.py", line 122, in tokenisation_and_import_to_mongodb
    staging_to_curated.insert_to_mongodb(documents, "mongodb://mongodb:27017/")
  File "/opt/airflow/src/staging_to_curated.py", line 156, in insert_to_mongodb
    result = collection.insert_many(batch)
  File "/home/airflow/.local/lib/python3.8/site-packages/pymongo/_csot.py", line 119, in csot_wrapper
    return func(self, *args, **kwargs)
  File "/home/airflow/.local/lib/python3.8/site-packages/pymongo/synchronous/collection.py", line 975, in insert_many
    blk.execute(write_concern, session, _Op.INSERT)
  File "/home/airflow/.local/lib/python3.8/site-packages/pymongo/synchronous/bulk.py", line 736, in execute
    return self.execute_command(generator, write_concern, session, operation)
  File "/home/airflow/.local/lib/python3.8/site-packages/pymongo/synchronous/bulk.py", line 593, in execute_command
    _ = client._retryable_write(
  File "/home/airflow/.local/lib/python3.8/site-packages/pymongo/synchronous/mongo_client.py", line 1898, in _retryable_write
    return self._retry_with_session(retryable, func, s, bulk, operation, operation_id)
  File "/home/airflow/.local/lib/python3.8/site-packages/pymongo/synchronous/mongo_client.py", line 1784, in _retry_with_session
    return self._retry_internal(
  File "/home/airflow/.local/lib/python3.8/site-packages/pymongo/_csot.py", line 119, in csot_wrapper
    return func(self, *args, **kwargs)
  File "/home/airflow/.local/lib/python3.8/site-packages/pymongo/synchronous/mongo_client.py", line 1819, in _retry_internal
    return _ClientConnectionRetryable(
  File "/home/airflow/.local/lib/python3.8/site-packages/pymongo/synchronous/mongo_client.py", line 2554, in run
    return self._read() if self._is_read else self._write()
  File "/home/airflow/.local/lib/python3.8/site-packages/pymongo/synchronous/mongo_client.py", line 2676, in _write
    return self._func(self._session, conn, self._retryable)  # type: ignore
  File "/home/airflow/.local/lib/python3.8/site-packages/pymongo/synchronous/bulk.py", line 582, in retryable_bulk
    self._execute_command(
  File "/home/airflow/.local/lib/python3.8/site-packages/pymongo/synchronous/bulk.py", line 527, in _execute_command
    result, to_send = self._execute_batch(bwc, cmd, ops, client)
  File "/home/airflow/.local/lib/python3.8/site-packages/pymongo/synchronous/bulk.py", line 450, in _execute_batch
    request_id, msg, to_send = bwc.batch_command(cmd, ops)
  File "/home/airflow/.local/lib/python3.8/site-packages/pymongo/message.py", line 695, in batch_command
    request_id, msg, to_send = _do_batched_op_msg(
  File "/home/airflow/.local/lib/python3.8/site-packages/pymongo/message.py", line 922, in _do_batched_op_msg
    return _batched_op_msg(operation, command, docs, ack, opts, ctx)
bson.errors.InvalidDocument: cannot encode object: DistilBertTokenizerFast(name_or_path='distilbert-base-uncased', vocab_size=30522, model_max_length=512, is_fast=True, padding_side='right', truncation_side='right', special_tokens={'unk_token': '[UNK]', 'sep_token': '[SEP]', 'pad_token': '[PAD]', 'cls_token': '[CLS]', 'mask_token': '[MASK]'}, clean_up_tokenization_spaces=False),  added_tokens_decoder={
	0: AddedToken("[PAD]", rstrip=False, lstrip=False, single_word=False, normalized=False, special=True),
	100: AddedToken("[UNK]", rstrip=False, lstrip=False, single_word=False, normalized=False, special=True),
	101: AddedToken("[CLS]", rstrip=False, lstrip=False, single_word=False, normalized=False, special=True),
	102: AddedToken("[SEP]", rstrip=False, lstrip=False, single_word=False, normalized=False, special=True),
	103: AddedToken("[MASK]", rstrip=False, lstrip=False, single_word=False, normalized=False, special=True),
}, of type: <class 'transformers.models.distilbert.tokenization_distilbert_fast.DistilBertTokenizerFast'>
[2026-05-25T14:27:20.391+0000] {taskinstance.py:1398} INFO - Marking task as FAILED. dag_id=data_lake_pipeline, task_id=tokenisation_and_import_to_mongodb, execution_date=20260525T142153, start_date=20260525T142709, end_date=20260525T142720
[2026-05-25T14:27:20.406+0000] {standard_task_runner.py:104} ERROR - Failed to execute job 15 for task tokenisation_and_import_to_mongodb (cannot encode object: DistilBertTokenizerFast(name_or_path='distilbert-base-uncased', vocab_size=30522, model_max_length=512, is_fast=True, padding_side='right', truncation_side='right', special_tokens={'unk_token': '[UNK]', 'sep_token': '[SEP]', 'pad_token': '[PAD]', 'cls_token': '[CLS]', 'mask_token': '[MASK]'}, clean_up_tokenization_spaces=False),  added_tokens_decoder={
	0: AddedToken("[PAD]", rstrip=False, lstrip=False, single_word=False, normalized=False, special=True),
	100: AddedToken("[UNK]", rstrip=False, lstrip=False, single_word=False, normalized=False, special=True),
	101: AddedToken("[CLS]", rstrip=False, lstrip=False, single_word=False, normalized=False, special=True),
	102: AddedToken("[SEP]", rstrip=False, lstrip=False, single_word=False, normalized=False, special=True),
	103: AddedToken("[MASK]", rstrip=False, lstrip=False, single_word=False, normalized=False, special=True),
}, of type: <class 'transformers.models.distilbert.tokenization_distilbert_fast.DistilBertTokenizerFast'>; 232)
[2026-05-25T14:27:20.482+0000] {local_task_job_runner.py:228} INFO - Task exited with return code 1
[2026-05-25T14:27:20.507+0000] {taskinstance.py:2776} INFO - 0 downstream tasks scheduled from follow-on schedule check
