[2026-05-25T14:03:41.186+0000] {taskinstance.py:1157} INFO - Dependencies all met for dep_context=non-requeueable deps ti=<TaskInstance: data_lake_pipeline.import_to_mysql manual__2026-05-25T14:03:31.695459+00:00 [queued]>
[2026-05-25T14:03:41.189+0000] {taskinstance.py:1157} INFO - Dependencies all met for dep_context=requeueable deps ti=<TaskInstance: data_lake_pipeline.import_to_mysql manual__2026-05-25T14:03:31.695459+00:00 [queued]>
[2026-05-25T14:03:41.189+0000] {taskinstance.py:1359} INFO - Starting attempt 1 of 2
[2026-05-25T14:03:41.195+0000] {taskinstance.py:1380} INFO - Executing <Task(PythonOperator): import_to_mysql> on 2026-05-25 14:03:31.695459+00:00
[2026-05-25T14:03:41.198+0000] {standard_task_runner.py:57} INFO - Started process 2468 to run task
[2026-05-25T14:03:41.200+0000] {standard_task_runner.py:84} INFO - Running: ['***', 'tasks', 'run', 'data_lake_pipeline', 'import_to_mysql', 'manual__2026-05-25T14:03:31.695459+00:00', '--job-id', '52', '--raw', '--subdir', 'DAGS_FOLDER/data_lake_pipeline.py', '--cfg-path', '/tmp/tmpki2h6frh']
[2026-05-25T14:03:41.202+0000] {standard_task_runner.py:85} INFO - Job 52: Subtask import_to_mysql
[2026-05-25T14:03:41.211+0000] {logging_mixin.py:151} WARNING - /home/***/.local/lib/python3.8/site-packages/***/settings.py:195 DeprecationWarning: The sql_alchemy_conn option in [core] has been moved to the sql_alchemy_conn option in [database] - the old setting has been used, but please update your config.
[2026-05-25T14:03:41.226+0000] {task_command.py:415} INFO - Running <TaskInstance: data_lake_pipeline.import_to_mysql manual__2026-05-25T14:03:31.695459+00:00 [running]> on host 4f10631135a5
[2026-05-25T14:03:41.256+0000] {taskinstance.py:1660} INFO - Exporting env vars: AIRFLOW_CTX_DAG_OWNER='***' AIRFLOW_CTX_DAG_ID='data_lake_pipeline' AIRFLOW_CTX_TASK_ID='import_to_mysql' AIRFLOW_CTX_EXECUTION_DATE='2026-05-25T14:03:31.695459+00:00' AIRFLOW_CTX_TRY_NUMBER='1' AIRFLOW_CTX_DAG_RUN_ID='manual__2026-05-25T14:03:31.695459+00:00'
[2026-05-25T14:03:41.262+0000] {logging_mixin.py:151} INFO - Importation dans MySQL (staging)...
[2026-05-25T14:03:41.418+0000] {taskinstance.py:1935} ERROR - Task failed with exception
Traceback (most recent call last):
  File "/home/airflow/.local/lib/python3.8/site-packages/airflow/operators/python.py", line 192, in execute
    return_value = self.execute_callable()
  File "/home/airflow/.local/lib/python3.8/site-packages/airflow/operators/python.py", line 209, in execute_callable
    return self.python_callable(*self.op_args, **self.op_kwargs)
  File "/opt/airflow/dags/data_lake_pipeline.py", line 100, in import_to_mysql
    connection = load_to_staging.create_mysql_connection("mysql", "root", "root", "staging",port = 3306)
TypeError: create_mysql_connection() got an unexpected keyword argument 'port'
[2026-05-25T14:03:41.423+0000] {taskinstance.py:1398} INFO - Marking task as UP_FOR_RETRY. dag_id=data_lake_pipeline, task_id=import_to_mysql, execution_date=20260525T140331, start_date=20260525T140341, end_date=20260525T140341
[2026-05-25T14:03:41.429+0000] {standard_task_runner.py:104} ERROR - Failed to execute job 52 for task import_to_mysql (create_mysql_connection() got an unexpected keyword argument 'port'; 2468)
[2026-05-25T14:03:41.463+0000] {local_task_job_runner.py:228} INFO - Task exited with return code 1
[2026-05-25T14:03:41.475+0000] {taskinstance.py:2776} INFO - 0 downstream tasks scheduled from follow-on schedule check
