[2026-05-25T12:25:24.715+0000] {taskinstance.py:1157} INFO - Dependencies all met for dep_context=non-requeueable deps ti=<TaskInstance: data_lake_pipeline.import_to_mysql manual__2026-05-25T12:20:15.368130+00:00 [queued]>
[2026-05-25T12:25:24.719+0000] {taskinstance.py:1157} INFO - Dependencies all met for dep_context=requeueable deps ti=<TaskInstance: data_lake_pipeline.import_to_mysql manual__2026-05-25T12:20:15.368130+00:00 [queued]>
[2026-05-25T12:25:24.719+0000] {taskinstance.py:1359} INFO - Starting attempt 2 of 2
[2026-05-25T12:25:24.725+0000] {taskinstance.py:1380} INFO - Executing <Task(PythonOperator): import_to_mysql> on 2026-05-25 12:20:15.368130+00:00
[2026-05-25T12:25:24.728+0000] {standard_task_runner.py:57} INFO - Started process 826 to run task
[2026-05-25T12:25:24.731+0000] {standard_task_runner.py:84} INFO - Running: ['***', 'tasks', 'run', 'data_lake_pipeline', 'import_to_mysql', 'manual__2026-05-25T12:20:15.368130+00:00', '--job-id', '19', '--raw', '--subdir', 'DAGS_FOLDER/data_lake_pipeline.py', '--cfg-path', '/tmp/tmp7s3wosjm']
[2026-05-25T12:25:24.734+0000] {standard_task_runner.py:85} INFO - Job 19: Subtask import_to_mysql
[2026-05-25T12:25:24.745+0000] {logging_mixin.py:151} WARNING - /home/***/.local/lib/python3.8/site-packages/***/settings.py:195 DeprecationWarning: The sql_alchemy_conn option in [core] has been moved to the sql_alchemy_conn option in [database] - the old setting has been used, but please update your config.
[2026-05-25T12:25:24.763+0000] {task_command.py:415} INFO - Running <TaskInstance: data_lake_pipeline.import_to_mysql manual__2026-05-25T12:20:15.368130+00:00 [running]> on host 4f10631135a5
[2026-05-25T12:25:24.798+0000] {taskinstance.py:1660} INFO - Exporting env vars: AIRFLOW_CTX_DAG_OWNER='***' AIRFLOW_CTX_DAG_ID='data_lake_pipeline' AIRFLOW_CTX_TASK_ID='import_to_mysql' AIRFLOW_CTX_EXECUTION_DATE='2026-05-25T12:20:15.368130+00:00' AIRFLOW_CTX_TRY_NUMBER='2' AIRFLOW_CTX_DAG_RUN_ID='manual__2026-05-25T12:20:15.368130+00:00'
[2026-05-25T12:25:24.804+0000] {logging_mixin.py:151} INFO - Importation dans MySQL (staging)...
[2026-05-25T12:25:25.008+0000] {logging_mixin.py:151} INFO - Connexion MySQL réussie.
[2026-05-25T12:25:25.504+0000] {logging_mixin.py:151} INFO -   21713 lignes insérées.
[2026-05-25T12:25:25.505+0000] {logging_mixin.py:151} INFO -   ✓ 21713 lignes insérées pour 'train'
[2026-05-25T12:25:25.553+0000] {logging_mixin.py:151} INFO -   2361 lignes insérées.
[2026-05-25T12:25:25.554+0000] {logging_mixin.py:151} INFO -   ✓ 2361 lignes insérées pour 'validation'
[2026-05-25T12:25:25.602+0000] {logging_mixin.py:151} INFO -   2792 lignes insérées.
[2026-05-25T12:25:25.602+0000] {logging_mixin.py:151} INFO -   ✓ 2792 lignes insérées pour 'test'
[2026-05-25T12:25:25.602+0000] {logging_mixin.py:151} INFO - Importation terminée.
[2026-05-25T12:25:25.603+0000] {python.py:194} INFO - Done. Returned value was: None
[2026-05-25T12:25:25.608+0000] {taskinstance.py:1398} INFO - Marking task as SUCCESS. dag_id=data_lake_pipeline, task_id=import_to_mysql, execution_date=20260525T122015, start_date=20260525T122524, end_date=20260525T122525
[2026-05-25T12:25:25.631+0000] {local_task_job_runner.py:228} INFO - Task exited with return code 0
[2026-05-25T12:25:25.643+0000] {taskinstance.py:2776} INFO - 1 downstream tasks scheduled from follow-on schedule check
