[2026-05-25T12:08:00.935+0000] {taskinstance.py:1157} INFO - Dependencies all met for dep_context=non-requeueable deps ti=<TaskInstance: data_lake_pipeline.transform manual__2026-05-25T12:07:52.188018+00:00 [queued]>
[2026-05-25T12:08:00.939+0000] {taskinstance.py:1157} INFO - Dependencies all met for dep_context=requeueable deps ti=<TaskInstance: data_lake_pipeline.transform manual__2026-05-25T12:07:52.188018+00:00 [queued]>
[2026-05-25T12:08:00.939+0000] {taskinstance.py:1359} INFO - Starting attempt 1 of 2
[2026-05-25T12:08:00.944+0000] {taskinstance.py:1380} INFO - Executing <Task(PythonOperator): transform> on 2026-05-25 12:07:52.188018+00:00
[2026-05-25T12:08:00.948+0000] {standard_task_runner.py:57} INFO - Started process 323 to run task
[2026-05-25T12:08:00.950+0000] {standard_task_runner.py:84} INFO - Running: ['***', 'tasks', 'run', 'data_lake_pipeline', 'transform', 'manual__2026-05-25T12:07:52.188018+00:00', '--job-id', '3', '--raw', '--subdir', 'DAGS_FOLDER/data_lake_pipeline.py', '--cfg-path', '/tmp/tmpkjdy6ahe']
[2026-05-25T12:08:00.951+0000] {standard_task_runner.py:85} INFO - Job 3: Subtask transform
[2026-05-25T12:08:00.961+0000] {logging_mixin.py:151} WARNING - /home/***/.local/lib/python3.8/site-packages/***/settings.py:195 DeprecationWarning: The sql_alchemy_conn option in [core] has been moved to the sql_alchemy_conn option in [database] - the old setting has been used, but please update your config.
[2026-05-25T12:08:00.976+0000] {task_command.py:415} INFO - Running <TaskInstance: data_lake_pipeline.transform manual__2026-05-25T12:07:52.188018+00:00 [running]> on host 4f10631135a5
[2026-05-25T12:08:01.011+0000] {taskinstance.py:1660} INFO - Exporting env vars: AIRFLOW_CTX_DAG_OWNER='***' AIRFLOW_CTX_DAG_ID='data_lake_pipeline' AIRFLOW_CTX_TASK_ID='transform' AIRFLOW_CTX_EXECUTION_DATE='2026-05-25T12:07:52.188018+00:00' AIRFLOW_CTX_TRY_NUMBER='1' AIRFLOW_CTX_DAG_RUN_ID='manual__2026-05-25T12:07:52.188018+00:00'
[2026-05-25T12:08:01.012+0000] {taskinstance.py:1935} ERROR - Task failed with exception
Traceback (most recent call last):
  File "/home/airflow/.local/lib/python3.8/site-packages/airflow/operators/python.py", line 192, in execute
    return_value = self.execute_callable()
  File "/home/airflow/.local/lib/python3.8/site-packages/airflow/operators/python.py", line 209, in execute_callable
    return self.python_callable(*self.op_args, **self.op_kwargs)
TypeError: transform() takes 0 positional arguments but 1 was given
[2026-05-25T12:08:01.017+0000] {taskinstance.py:1398} INFO - Marking task as UP_FOR_RETRY. dag_id=data_lake_pipeline, task_id=transform, execution_date=20260525T120752, start_date=20260525T120800, end_date=20260525T120801
[2026-05-25T12:08:01.021+0000] {standard_task_runner.py:104} ERROR - Failed to execute job 3 for task transform (transform() takes 0 positional arguments but 1 was given; 323)
[2026-05-25T12:08:01.047+0000] {local_task_job_runner.py:228} INFO - Task exited with return code 1
[2026-05-25T12:08:01.060+0000] {taskinstance.py:2776} INFO - 0 downstream tasks scheduled from follow-on schedule check
